\BOOKMARK [1][-]{section.1}{\376\377\000I\000n\000t\000r\000o\000d\000u\000c\000t\000i\000o\000n}{}% 1
\BOOKMARK [2][-]{subsection.1.1}{\376\377\000M\000o\000t\000i\000v\000a\000t\000i\000o\000n}{section.1}% 2
\BOOKMARK [2][-]{subsection.1.2}{\376\377\000P\000r\000o\000j\000e\000c\000t\000\040\000v\000i\000s\000i\000o\000n}{section.1}% 3
\BOOKMARK [1][-]{section.2}{\376\377\000T\000h\000e\000\040\000p\000r\000o\000b\000l\000e\000m\000s\000\040\000o\000f\000\040\000i\000n\000d\000u\000s\000t\000r\000i\000a\000l\000\040\000a\000g\000r\000i\000c\000u\000l\000t\000u\000r\000e}{}% 4
\BOOKMARK [2][-]{subsection.2.1}{\376\377\000L\000a\000n\000d\000\040\000U\000s\000e}{section.2}% 5
\BOOKMARK [2][-]{subsection.2.2}{\376\377\000B\000i\000o\000d\000i\000v\000e\000r\000s\000i\000t\000y\000\040\000l\000o\000s\000s}{section.2}% 6
\BOOKMARK [2][-]{subsection.2.3}{\376\377\000S\000o\000i\000l\000\040\000d\000e\000g\000r\000a\000d\000a\000t\000i\000o\000n\000\040\000a\000n\000d\000\040\000e\000r\000o\000s\000i\000o\000n}{section.2}% 7
\BOOKMARK [2][-]{subsection.2.4}{\376\377\000F\000e\000r\000t\000i\000l\000i\000z\000e\000r\000\040\000u\000s\000e}{section.2}% 8
\BOOKMARK [2][-]{subsection.2.5}{\376\377\000P\000e\000s\000t\000i\000c\000i\000d\000e\000\040\000u\000s\000e}{section.2}% 9
\BOOKMARK [2][-]{subsection.2.6}{\376\377\000M\000o\000n\000o\000c\000u\000l\000t\000u\000r\000e}{section.2}% 10
\BOOKMARK [3][-]{subsubsection.2.6.1}{\376\377\000T\000h\000e\000\040\000m\000o\000n\000o\000c\000u\000l\000t\000u\000r\000e\000\040\000e\000f\000f\000e\000c\000t\000:\000\040\000g\000e\000n\000e\000t\000i\000c\000\040\000v\000u\000l\000n\000e\000r\000a\000b\000i\000l\000i\000t\000y\000\040\000t\000o\000\040\000d\000i\000s\000e\000a\000s\000e\000\040\000a\000n\000d\000\040\000p\000e\000s\000t\000\040\000o\000u\000t\000b\000r\000e\000a\000k\000s}{subsection.2.6}% 11
\BOOKMARK [3][-]{subsubsection.2.6.2}{\376\377\000H\000i\000s\000t\000o\000r\000i\000c\000a\000l\000\040\000a\000n\000d\000\040\000c\000o\000n\000t\000e\000m\000p\000o\000r\000a\000r\000y\000\040\000c\000a\000s\000e\000\040\000s\000t\000u\000d\000i\000e\000s}{subsection.2.6}% 12
\BOOKMARK [3][-]{subsubsection.2.6.3}{\376\377\000S\000o\000i\000l\000\040\000d\000e\000g\000r\000a\000d\000a\000t\000i\000o\000n}{subsection.2.6}% 13
\BOOKMARK [3][-]{subsubsection.2.6.4}{\376\377\000Y\000i\000e\000l\000d\000\040\000p\000e\000n\000a\000l\000t\000i\000e\000s\000\040\000a\000n\000d\000\040\000t\000h\000e\000\040\000d\000i\000v\000e\000r\000s\000i\000f\000i\000c\000a\000t\000i\000o\000n\000\040\000d\000i\000v\000i\000d\000e\000n\000d}{subsection.2.6}% 14
\BOOKMARK [3][-]{subsubsection.2.6.5}{\376\377\000D\000i\000v\000e\000r\000s\000i\000f\000i\000c\000a\000t\000i\000o\000n\000\040\000a\000s\000\040\000a\000\040\000s\000y\000s\000t\000e\000m\000i\000c\000\040\000a\000l\000t\000e\000r\000n\000a\000t\000i\000v\000e}{subsection.2.6}% 15
\BOOKMARK [3][-]{subsubsection.2.6.6}{\376\377\000S\000t\000r\000u\000c\000t\000u\000r\000a\000l\000\040\000d\000r\000i\000v\000e\000r\000s\000:\000\040\000m\000a\000r\000k\000e\000t\000\040\000c\000o\000n\000c\000e\000n\000t\000r\000a\000t\000i\000o\000n\000\040\000a\000n\000d\000\040\000m\000o\000n\000o\000c\000u\000l\000t\000u\000r\000e}{subsection.2.6}% 16
\BOOKMARK [2][-]{subsection.2.7}{\376\377\000F\000r\000e\000s\000h\000w\000a\000t\000e\000r\000\040\000d\000e\000p\000l\000e\000t\000i\000o\000n}{section.2}% 17
\BOOKMARK [2][-]{subsection.2.8}{\376\377\000G\000r\000e\000e\000n\000h\000o\000u\000s\000e\000\040\000g\000a\000s\000\040\000e\000m\000i\000s\000s\000i\000o\000n\000s}{section.2}% 18
\BOOKMARK [2][-]{subsection.2.9}{\376\377\000P\000r\000o\000d\000u\000c\000e\000\040\000t\000r\000a\000n\000s\000p\000o\000r\000t\000a\000t\000i\000o\000n\000,\000\040\000s\000t\000o\000r\000a\000g\000e\000\040\000a\000n\000d\000\040\000d\000i\000s\000p\000o\000s\000a\000l}{section.2}% 19
\BOOKMARK [2][-]{subsection.2.10}{\376\377\000T\000h\000e\000\040\000e\000x\000i\000s\000t\000e\000n\000t\000i\000a\000l\000\040\000d\000e\000p\000e\000n\000d\000e\000n\000c\000y\000\040\000o\000n\000\040\000a\000\040\000f\000e\000w\000\040\000p\000r\000o\000d\000u\000c\000e\000r\000s}{section.2}% 20
\BOOKMARK [2][-]{subsection.2.11}{\376\377\000S\000u\000p\000p\000r\000e\000s\000s\000i\000o\000n\000\040\000o\000f\000\040\000d\000i\000e\000t\000a\000r\000y\000\040\000d\000i\000v\000e\000r\000s\000i\000t\000y\000\040\000a\000n\000d\000\040\000n\000u\000t\000r\000i\000t\000i\000o\000n\000a\000l\000\040\000q\000u\000a\000l\000i\000t\000y}{section.2}% 21
\BOOKMARK [1][-]{section*.3}{\376\377\000R\000e\000f\000e\000r\000e\000n\000c\000e\000s}{}% 22
